0 verbose cli C:\Program Files\nodejs\node.exe C:\Program Files\nodejs\node_modules\npm\bin\npm-cli.js
1 info using npm@11.9.0
2 info using node@v24.14.0
3 silly config load:file:C:\Program Files\nodejs\node_modules\npm\npmrc
4 silly config load:file:C:\Assetorbit\.npmrc
5 silly config load:file:C:\Users\Dhanush\.npmrc
6 silly config load:file:C:\Users\Dhanush\AppData\Roaming\npm\etc\npmrc
7 verbose title npm audit
8 verbose argv "audit" "--audit-level" "high" "--cache" ".\\.npm-cache"
9 verbose logfile logs-max:10 dir:C:\Assetorbit\.npm-cache\_logs\2026-07-29T12_42_25_850Z-
10 verbose logfile C:\Assetorbit\.npm-cache\_logs\2026-07-29T12_42_25_850Z-debug-0.log
11 silly logfile done cleaning log files
12 silly packumentCache heap:4496293888 maxSize:1124073472 maxEntrySize:562036736
13 silly audit bulk request {
13 silly audit   'assetorbit-backend': [ '1.0.0' ],
13 silly audit   'assetorbit-frontend': [ '1.0.0' ],
13 silly audit   '@babel/code-frame': [ '7.29.7' ],
13 silly audit   '@babel/compat-data': [ '7.29.7' ],
13 silly audit   '@babel/core': [ '7.29.7' ],
13 silly audit   '@babel/generator': [ '7.29.7' ],
13 silly audit   '@babel/helper-compilation-targets': [ '7.29.7' ],
13 silly audit   '@babel/helper-globals': [ '7.29.7' ],
13 silly audit   '@babel/helper-module-imports': [ '7.29.7' ],
13 silly audit   '@babel/helper-module-transforms': [ '7.29.7' ],
13 silly audit   '@babel/helper-plugin-utils': [ '7.29.7' ],
13 silly audit   '@babel/helper-string-parser': [ '7.29.7' ],
13 silly audit   '@babel/helper-validator-identifier': [ '7.29.7' ],
13 silly audit   '@babel/helper-validator-option': [ '7.29.7' ],
13 silly audit   '@babel/helpers': [ '7.29.7' ],
13 silly audit   '@babel/parser': [ '7.29.7' ],
13 silly audit   '@babel/plugin-transform-react-jsx-self': [ '7.29.7' ],
13 silly audit   '@babel/plugin-transform-react-jsx-source': [ '7.29.7' ],
13 silly audit   '@babel/template': [ '7.29.7' ],
13 silly audit   '@babel/traverse': [ '7.29.7' ],
13 silly audit   '@babel/types': [ '7.29.7' ],
13 silly audit   '@esbuild/aix-ppc64': [ '0.28.1' ],
13 silly audit   '@esbuild/android-arm': [ '0.28.1' ],
13 silly audit   '@esbuild/android-arm64': [ '0.28.1' ],
13 silly audit   '@esbuild/android-x64': [ '0.28.1' ],
13 silly audit   '@esbuild/darwin-arm64': [ '0.28.1' ],
13 silly audit   '@esbuild/darwin-x64': [ '0.28.1' ],
13 silly audit   '@esbuild/freebsd-arm64': [ '0.28.1' ],
13 silly audit   '@esbuild/freebsd-x64': [ '0.28.1' ],
13 silly audit   '@esbuild/linux-arm': [ '0.28.1' ],
13 silly audit   '@esbuild/linux-arm64': [ '0.28.1' ],
13 silly audit   '@esbuild/linux-ia32': [ '0.28.1' ],
13 silly audit   '@esbuild/linux-loong64': [ '0.28.1' ],
13 silly audit   '@esbuild/linux-mips64el': [ '0.28.1' ],
13 silly audit   '@esbuild/linux-ppc64': [ '0.28.1' ],
13 silly audit   '@esbuild/linux-riscv64': [ '0.28.1' ],
13 silly audit   '@esbuild/linux-s390x': [ '0.28.1' ],
13 silly audit   '@esbuild/linux-x64': [ '0.28.1' ],
13 silly audit   '@esbuild/netbsd-arm64': [ '0.28.1' ],
13 silly audit   '@esbuild/netbsd-x64': [ '0.28.1' ],
13 silly audit   '@esbuild/openbsd-arm64': [ '0.28.1' ],
13 silly audit   '@esbuild/openbsd-x64': [ '0.28.1' ],
13 silly audit   '@esbuild/openharmony-arm64': [ '0.28.1' ],
13 silly audit   '@esbuild/sunos-x64': [ '0.28.1' ],
13 silly audit   '@esbuild/win32-arm64': [ '0.28.1' ],
13 silly audit   '@esbuild/win32-ia32': [ '0.28.1' ],
13 silly audit   '@esbuild/win32-x64': [ '0.28.1' ],
13 silly audit   '@jridgewell/gen-mapping': [ '0.3.13' ],
13 silly audit   '@jridgewell/remapping': [ '2.3.5' ],
13 silly audit   '@jridgewell/resolve-uri': [ '3.1.2' ],
13 silly audit   '@jridgewell/sourcemap-codec': [ '1.5.5' ],
13 silly audit   '@jridgewell/trace-mapping': [ '0.3.31' ],
13 silly audit   '@popperjs/core': [ '2.11.8' ],
13 silly audit   '@rolldown/pluginutils': [ '1.0.0-rc.3' ],
13 silly audit   '@rollup/rollup-android-arm-eabi': [ '4.62.3' ],
13 silly audit   '@rollup/rollup-android-arm64': [ '4.62.3' ],
13 silly audit   '@rollup/rollup-darwin-arm64': [ '4.62.3' ],
13 silly audit   '@rollup/rollup-darwin-x64': [ '4.62.3' ],
13 silly audit   '@rollup/rollup-freebsd-arm64': [ '4.62.3' ],
13 silly audit   '@rollup/rollup-freebsd-x64': [ '4.62.3' ],
13 silly audit   '@rollup/rollup-linux-arm-gnueabihf': [ '4.62.3' ],
13 silly audit   '@rollup/rollup-linux-arm-musleabihf': [ '4.62.3' ],
13 silly audit   '@rollup/rollup-linux-arm64-gnu': [ '4.62.3' ],
13 silly audit   '@rollup/rollup-linux-arm64-musl': [ '4.62.3' ],
13 silly audit   '@rollup/rollup-linux-loong64-gnu': [ '4.62.3' ],
13 silly audit   '@rollup/rollup-linux-loong64-musl': [ '4.62.3' ],
13 silly audit   '@rollup/rollup-linux-ppc64-gnu': [ '4.62.3' ],
13 silly audit   '@rollup/rollup-linux-ppc64-musl': [ '4.62.3' ],
13 silly audit   '@rollup/rollup-linux-riscv64-gnu': [ '4.62.3' ],
13 silly audit   '@rollup/rollup-linux-riscv64-musl': [ '4.62.3' ],
13 silly audit   '@rollup/rollup-linux-s390x-gnu': [ '4.62.3' ],
13 silly audit   '@rollup/rollup-linux-x64-gnu': [ '4.62.3' ],
13 silly audit   '@rollup/rollup-linux-x64-musl': [ '4.62.3' ],
13 silly audit   '@rollup/rollup-openbsd-x64': [ '4.62.3' ],
13 silly audit   '@rollup/rollup-openharmony-arm64': [ '4.62.3' ],
13 silly audit   '@rollup/rollup-win32-arm64-msvc': [ '4.62.3' ],
13 silly audit   '@rollup/rollup-win32-ia32-msvc': [ '4.62.3' ],
13 silly audit   '@rollup/rollup-win32-x64-gnu': [ '4.62.3' ],
13 silly audit   '@rollup/rollup-win32-x64-msvc': [ '4.62.3' ],
13 silly audit   '@types/babel__core': [ '7.20.5' ],
13 silly audit   '@types/babel__generator': [ '7.27.0' ],
13 silly audit   '@types/babel__template': [ '7.4.4' ],
13 silly audit   '@types/babel__traverse': [ '7.28.0' ],
13 silly audit   '@types/estree': [ '1.0.9' ],
13 silly audit   '@vitejs/plugin-react': [ '5.2.0' ],
13 silly audit   accepts: [ '2.0.0' ],
13 silly audit   'ansi-regex': [ '5.0.1' ],
13 silly audit   'ansi-styles': [ '4.3.0' ],
13 silly audit   anymatch: [ '3.1.3' ],
13 silly audit   'balanced-match': [ '4.0.4' ],
13 silly audit   'baseline-browser-mapping': [ '2.11.6' ],
13 silly audit   'basic-auth': [ '2.0.1' ],
13 silly audit   'safe-buffer': [ '5.1.2', '5.2.1' ],
13 silly audit   bcryptjs: [ '3.0.3' ],
13 silly audit   'binary-extensions': [ '2.3.0' ],
13 silly audit   'body-parser': [ '2.3.0' ],
13 silly audit   'content-type': [ '2.0.0', '1.0.5' ],
13 silly audit   bootstrap: [ '5.3.8' ],
13 silly audit   'brace-expansion': [ '5.0.8' ],
13 silly audit   braces: [ '3.0.3' ],
13 silly audit   browserslist: [ '4.28.7' ],
13 silly audit   'buffer-equal-constant-time': [ '1.0.1' ],
13 silly audit   bytes: [ '3.1.2' ],
13 silly audit   'call-bind-apply-helpers': [ '1.0.2' ],
13 silly audit   'call-bound': [ '1.0.4' ],
13 silly audit   'caniuse-lite': [ '1.0.30001806' ],
13 silly audit   chalk: [ '4.1.2' ],
13 silly audit   'supports-color': [ '7.2.0', '5.5.0', '8.1.1' ],
13 silly audit   chokidar: [ '3.6.0' ],
13 silly audit   cliui: [ '8.0.1' ],
13 silly audit   'color-convert': [ '2.0.1' ],
13 silly audit   'color-name': [ '1.1.4' ],
13 silly audit   concurrently: [ '9.2.4' ],
13 silly audit   'content-disposition': [ '1.1.0' ],
13 silly audit   'convert-source-map': [ '2.0.0' ],
13 silly audit   cookie: [ '0.7.2', '1.1.1' ],
13 silly audit   'cookie-signature': [ '1.2.2' ],
13 silly audit   cors: [ '2.8.6' ],
13 silly audit   debug: [ '4.4.3', '2.6.9' ],
13 silly audit   depd: [ '2.0.0' ],
13 silly audit   dotenv: [ '17.4.2' ],
13 silly audit   'dunder-proto': [ '1.0.1' ],
13 silly audit   'ecdsa-sig-formatter': [ '1.0.11' ],
13 silly audit   'ee-first': [ '1.1.1' ],
13 silly audit   'electron-to-chromium': [ '1.5.398' ],
13 silly audit   'emoji-regex': [ '8.0.0' ],
13 silly audit   encodeurl: [ '2.0.0' ],
13 silly audit   'es-define-property': [ '1.0.1' ],
13 silly audit   'es-errors': [ '1.3.0' ],
13 silly audit   'es-object-atoms': [ '1.1.2' ],
13 silly audit   esbuild: [ '0.28.1' ],
13 silly audit   escalade: [ '3.2.0' ],
13 silly audit   'escape-html': [ '1.0.3' ],
13 silly audit   etag: [ '1.8.1' ],
13 silly audit   express: [ '5.2.1' ],
13 silly audit   'express-validator': [ '7.3.2' ],
13 silly audit   'fill-range': [ '7.1.1' ],
13 silly audit   finalhandler: [ '2.1.1' ],
13 silly audit   forwarded: [ '0.2.0' ],
13 silly audit   fresh: [ '2.0.0' ],
13 silly audit   fsevents: [ '2.3.3' ],
13 silly audit   'function-bind': [ '1.1.2' ],
13 silly audit   gensync: [ '1.0.0-beta.2' ],
13 silly audit   'get-caller-file': [ '2.0.5' ],
13 silly audit   'get-intrinsic': [ '1.3.0' ],
13 silly audit   'get-proto': [ '1.0.1' ],
13 silly audit   'glob-parent': [ '5.1.2' ],
13 silly audit   gopd: [ '1.2.0' ],
13 silly audit   'has-flag': [ '4.0.0', '3.0.0' ],
13 silly audit   'has-symbols': [ '1.1.0' ],
13 silly audit   hasown: [ '2.0.4' ],
13 silly audit   helmet: [ '8.3.0' ],
13 silly audit   'http-errors': [ '2.0.1' ],
13 silly audit   'iconv-lite': [ '0.7.3' ],
13 silly audit   'ignore-by-default': [ '1.0.1' ],
13 silly audit   inherits: [ '2.0.4' ],
13 silly audit   'ipaddr.js': [ '1.9.1' ],
13 silly audit   'is-binary-path': [ '2.1.0' ],
13 silly audit   'is-extglob': [ '2.1.1' ],
13 silly audit   'is-fullwidth-code-point': [ '3.0.0' ],
13 silly audit   'is-glob': [ '4.0.3' ],
13 silly audit   'is-number': [ '7.0.0' ],
13 silly audit   'is-promise': [ '4.0.0' ],
13 silly audit   'js-tokens': [ '4.0.0' ],
13 silly audit   jsesc: [ '3.1.0' ],
13 silly audit   json5: [ '2.2.3' ],
13 silly audit   jsonwebtoken: [ '9.0.3' ],
13 silly audit   semver: [ '7.8.5', '6.3.1' ],
13 silly audit   jwa: [ '2.0.1' ],
13 silly audit   jws: [ '4.0.1' ],
13 silly audit   lodash: [ '4.18.1' ],
13 silly audit   'lodash.includes': [ '4.3.0' ],
13 silly audit   'lodash.isboolean': [ '3.0.3' ],
13 silly audit   'lodash.isinteger': [ '4.0.4' ],
13 silly audit   'lodash.isnumber': [ '3.0.3' ],
13 silly audit   'lodash.isplainobject': [ '4.0.6' ],
13 silly audit   'lodash.isstring': [ '4.0.1' ],
13 silly audit   'lodash.once': [ '4.1.1' ],
13 silly audit   'lru-cache': [ '5.1.1' ],
13 silly audit   'lucide-react': [ '0.468.0' ],
13 silly audit   'math-intrinsics': [ '1.1.0' ],
13 silly audit   'media-typer': [ '1.1.1' ],
13 silly audit   'merge-descriptors': [ '2.0.0' ],
13 silly audit   'mime-db': [ '1.54.0' ],
13 silly audit   'mime-types': [ '3.0.2' ],
13 silly audit   minimatch: [ '10.2.6' ],
13 silly audit   morgan: [ '1.11.0' ],
13 silly audit   ms: [ '2.0.0', '2.1.3' ],
13 silly audit   nanoid: [ '3.3.16' ],
13 silly audit   negotiator: [ '1.0.0' ],
13 silly audit   'node-releases': [ '2.0.51' ],
13 silly audit   nodemon: [ '3.1.14' ],
13 silly audit   'normalize-path': [ '3.0.0' ],
13 silly audit   'object-assign': [ '4.1.1' ],
13 silly audit   'object-inspect': [ '1.13.4' ],
13 silly audit   'on-finished': [ '2.4.1' ],
13 silly audit   'on-headers': [ '1.1.0' ],
13 silly audit   once: [ '1.4.0' ],
13 silly audit   parseurl: [ '1.3.3' ],
13 silly audit   'path-to-regexp': [ '8.4.2' ],
13 silly audit   pg: [ '8.22.0' ],
13 silly audit   'pg-cloudflare': [ '1.4.0' ],
13 silly audit   'pg-connection-string': [ '2.14.0' ],
13 silly audit   'pg-int8': [ '1.0.1' ],
13 silly audit   'pg-pool': [ '3.14.0' ],
13 silly audit   'pg-protocol': [ '1.15.0' ],
13 silly audit   'pg-types': [ '2.2.0' ],
13 silly audit   pgpass: [ '1.0.5' ],
13 silly audit   picocolors: [ '1.1.1' ],
13 silly audit   picomatch: [ '2.3.2', '4.0.5' ],
13 silly audit   postcss: [ '8.5.24' ],
13 silly audit   'postgres-array': [ '2.0.0' ],
13 silly audit   'postgres-bytea': [ '1.0.1' ],
13 silly audit   'postgres-date': [ '1.0.7' ],
13 silly audit   'postgres-interval': [ '1.2.0' ],
13 silly audit   'proxy-addr': [ '2.0.7' ],
13 silly audit   'pstree.remy': [ '1.1.8' ],
13 silly audit   'qrcode.react': [ '4.2.0' ],
13 silly audit   qs: [ '6.15.3' ],
13 silly audit   'range-parser': [ '1.3.0' ],
13 silly audit   'raw-body': [ '3.0.2' ],
13 silly audit   react: [ '19.2.8' ],
13 silly audit   'react-dom': [ '19.2.8' ],
13 silly audit   'react-refresh': [ '0.18.0' ],
13 silly audit   'react-router': [ '7.18.2' ],
13 silly audit   'react-router-dom': [ '7.18.2' ],
13 silly audit   readdirp: [ '3.6.0' ],
13 silly audit   'require-directory': [ '2.1.1' ],
13 silly audit   rollup: [ '4.62.3' ],
13 silly audit   router: [ '2.2.0' ],
13 silly audit   rxjs: [ '7.8.2' ],
13 silly audit   'safer-buffer': [ '2.1.2' ],
13 silly audit   scheduler: [ '0.27.0' ],
13 silly audit   send: [ '1.2.1' ],
13 silly audit   'serve-static': [ '2.2.1' ],
13 silly audit   'set-cookie-parser': [ '2.7.2' ],
13 silly audit   setprototypeof: [ '1.2.0' ],
13 silly audit   'shell-quote': [ '1.9.0' ],
13 silly audit   'side-channel': [ '1.1.1' ],
13 silly audit   'side-channel-list': [ '1.0.1' ],
13 silly audit   'side-channel-map': [ '1.0.1' ],
13 silly audit   'side-channel-weakmap': [ '1.0.2' ],
13 silly audit   'simple-update-notifier': [ '2.0.0' ],
13 silly audit   'source-map-js': [ '1.2.1' ],
13 silly audit   split2: [ '4.2.0' ],
13 silly audit   statuses: [ '2.0.2' ],
13 silly audit   'string-width': [ '4.2.3' ],
13 silly audit   'strip-ansi': [ '6.0.1' ],
13 silly audit   tinyglobby: [ '0.2.17' ],
13 silly audit   fdir: [ '6.5.0' ],
13 silly audit   'to-regex-range': [ '5.0.1' ],
13 silly audit   toidentifier: [ '1.0.1' ],
13 silly audit   touch: [ '3.1.1' ],
13 silly audit   'tree-kill': [ '1.2.2' ],
13 silly audit   tslib: [ '2.8.1' ],
13 silly audit   'type-is': [ '2.1.0' ],
13 silly audit   undefsafe: [ '2.0.5' ],
13 silly audit   unpipe: [ '1.0.0' ],
13 silly audit   'update-browserslist-db': [ '1.2.3' ],
13 silly audit   validator: [ '13.15.35' ],
13 silly audit   vary: [ '1.1.2' ],
13 silly audit   vite: [ '7.3.6' ],
13 silly audit   'wrap-ansi': [ '7.0.0' ],
13 silly audit   wrappy: [ '1.0.2' ],
13 silly audit   xtend: [ '4.0.2' ],
13 silly audit   y18n: [ '5.0.8' ],
13 silly audit   yallist: [ '3.1.1' ],
13 silly audit   yargs: [ '17.7.2' ],
13 silly audit   'yargs-parser': [ '21.1.1' ]
13 silly audit }
14 http fetch GET https://registry.npmjs.org/npm attempt 1 failed with EACCES
15 verbose audit error FetchError: request to https://registry.npmjs.org/-/npm/v1/security/advisories/bulk failed, reason: 
15 verbose audit error     at ClientRequest.<anonymous> (C:\Program Files\nodejs\node_modules\npm\node_modules\minipass-fetch\lib\index.js:130:14)
15 verbose audit error     at ClientRequest.emit (node:events:508:28)
15 verbose audit error     at emitErrorEvent (node:_http_client:108:11)
15 verbose audit error     at _destroy (node:_http_client:963:9)
15 verbose audit error     at onSocketNT (node:_http_client:983:5)
15 verbose audit error     at process.processTicksAndRejections (node:internal/process/task_queues:91:21) {
15 verbose audit error   code: 'EACCES',
15 verbose audit error   errno: 'EACCES',
15 verbose audit error   type: 'system'
15 verbose audit error }
16 silly audit error undefined
17 silly audit report null
18 warn audit request to https://registry.npmjs.org/-/npm/v1/security/advisories/bulk failed, reason: 
19 error audit endpoint returned an error
20 verbose cwd C:\Assetorbit
21 verbose os Windows_NT 10.0.26200
22 verbose node v24.14.0
23 verbose npm  v11.9.0
24 verbose exit 1
25 verbose code 1
26 error A complete log of this run can be found in: C:\Assetorbit\.npm-cache\_logs\2026-07-29T12_42_25_850Z-debug-0.log
